<?xml version="1.0" encoding="UTF-8" ?>
<testsuites name="vitest tests" tests="146" failures="0" errors="0" time="6.613811898">
    <testsuite name="src/app/dashboard/component/dashboard.component.spec.ts" timestamp="2026-08-28T05:11:39.773Z" hostname="ali-Inspiron-15-3520" tests="19" failures="0" errors="0" skipped="0" time="0.942853048">
        <testcase classname="src/app/dashboard/component/dashboard.component.spec.ts" name="DashboardComponent &gt; should create the component" time="0.149619078">
        </testcase>
        <testcase classname="src/app/dashboard/component/dashboard.component.spec.ts" name="DashboardComponent &gt; should render Google sign-in button when user is NOT logged in" time="0.039513967">
        </testcase>
        <testcase classname="src/app/dashboard/component/dashboard.component.spec.ts" name="DashboardComponent &gt; should render the powered-by attribution when attributionEnabled is true" time="0.021793045">
        </testcase>
        <testcase classname="src/app/dashboard/component/dashboard.component.spec.ts" name="DashboardComponent &gt; forumLogin &gt; stores the flarum_remember cookie on successful auth and does not register" time="0.033458587">
        </testcase>
        <testcase classname="src/app/dashboard/component/dashboard.component.spec.ts" name="DashboardComponent &gt; forumLogin &gt; hides the forum and does not register when auth fails with 404/500" time="0.028758843">
        </testcase>
        <testcase classname="src/app/dashboard/component/dashboard.component.spec.ts" name="DashboardComponent &gt; forumLogin &gt; registers at most once and stops when auth keeps failing (no infinite loop)" time="0.028641909">
        </testcase>
        <testcase classname="src/app/dashboard/component/dashboard.component.spec.ts" name="DashboardComponent &gt; forumLogin &gt; hides the forum when registration fails" time="0.03084033">
        </testcase>
        <testcase classname="src/app/dashboard/component/dashboard.component.spec.ts" name="DashboardComponent &gt; forumLogin &gt; does nothing when a flarum_remember cookie is already present" time="0.027534919">
        </testcase>
        <testcase classname="src/app/dashboard/component/dashboard.component.spec.ts" name="DashboardComponent &gt; should hide the navbar on workflow workspace routes" time="0.032438955">
        </testcase>
        <testcase classname="src/app/dashboard/component/dashboard.component.spec.ts" name="DashboardComponent &gt; exposes route constants without the legacy /dashboard prefix" time="0.033156753">
        </testcase>
        <testcase classname="src/app/dashboard/component/dashboard.component.spec.ts" name="DashboardComponent &gt; renders every sidebar tab&apos;s routerLink when fully enabled" time="0.144324471">
        </testcase>
        <testcase classname="src/app/dashboard/component/dashboard.component.spec.ts" name="DashboardComponent &gt; sidebar active-route highlighting (#3490) &gt; enables nzMatchRouter on the About item so it highlights when active" time="0.103943974">
        </testcase>
        <testcase classname="src/app/dashboard/component/dashboard.component.spec.ts" name="DashboardComponent &gt; sidebar active-route highlighting (#3490) &gt; enables nzMatchRouter on the Feedback item so it highlights when active" time="0.077561605">
        </testcase>
        <testcase classname="src/app/dashboard/component/dashboard.component.spec.ts" name="DashboardComponent &gt; sidebar active-route highlighting (#3490) &gt; (reference) Your Work items already enable nzMatchRouter" time="0.080641264">
        </testcase>
        <testcase classname="src/app/dashboard/component/dashboard.component.spec.ts" name="DashboardComponent &gt; public settings consumption &gt; applies logo, mini logo, and favicon from the public settings" time="0.029908114">
        </testcase>
        <testcase classname="src/app/dashboard/component/dashboard.component.spec.ts" name="DashboardComponent &gt; public settings consumption &gt; keeps the default branding when the settings are missing or the fetch fails" time="0.023419131">
        </testcase>
        <testcase classname="src/app/dashboard/component/dashboard.component.spec.ts" name="DashboardComponent &gt; public settings consumption &gt; toggles sidebar tabs from the public settings and treats missing keys as disabled" time="0.021012098">
        </testcase>
        <testcase classname="src/app/dashboard/component/dashboard.component.spec.ts" name="DashboardComponent &gt; public settings consumption &gt; leaves tabs unchanged when the settings fetch fails" time="0.0163466">
        </testcase>
        <testcase classname="src/app/dashboard/component/dashboard.component.spec.ts" name="DashboardComponent &gt; public settings consumption &gt; hides every tab until the settings load (no hardcoded default copy)" time="0.016633143">
        </testcase>
    </testsuite>
    <testsuite name="src/app/workspace/component/workspace.component.spec.ts" timestamp="2026-08-28T05:11:39.776Z" hostname="ali-Inspiron-15-3520" tests="24" failures="0" errors="0" skipped="0" time="0.448842696">
        <testcase classname="src/app/workspace/component/workspace.component.spec.ts" name="WorkspaceComponent &gt; ngOnInit &gt; parses numeric pid from route query params" time="0.074872741">
        </testcase>
        <testcase classname="src/app/workspace/component/workspace.component.spec.ts" name="WorkspaceComponent &gt; ngOnInit &gt; treats non-numeric pid as undefined" time="0.022235906">
        </testcase>
        <testcase classname="src/app/workspace/component/workspace.component.spec.ts" name="WorkspaceComponent &gt; ngOnInit &gt; enables highlighting on the workflow action service" time="0.019769414">
        </testcase>
        <testcase classname="src/app/workspace/component/workspace.component.spec.ts" name="WorkspaceComponent &gt; ngAfterViewInit &gt; cold start (no wid in route): does not flip isLoading and registers metadata listener" time="0.014993224">
        </testcase>
        <testcase classname="src/app/workspace/component/workspace.component.spec.ts" name="WorkspaceComponent &gt; ngAfterViewInit &gt; warm start (wid in route): sets isLoading=true and disables modification before load" time="0.012287192">
        </testcase>
        <testcase classname="src/app/workspace/component/workspace.component.spec.ts" name="WorkspaceComponent &gt; loadWorkflowWithId &gt; on success: hands the workflow to the action service, clears undo/redo, and turns off loading" time="0.018881151">
        </testcase>
        <testcase classname="src/app/workspace/component/workspace.component.spec.ts" name="WorkspaceComponent &gt; loadWorkflowWithId &gt; on failure: resets to a new workflow, surfaces an access error, and turns off loading" time="0.019653621">
        </testcase>
        <testcase classname="src/app/workspace/component/workspace.component.spec.ts" name="WorkspaceComponent &gt; loadWorkflowWithId &gt; flags broken workflows via NotificationService.error but still loads them" time="0.016866672">
        </testcase>
        <testcase classname="src/app/workspace/component/workspace.component.spec.ts" name="WorkspaceComponent &gt; loadWorkflowWithId &gt; when URL fragment matches an element in the graph, highlights it" time="0.019380254">
        </testcase>
        <testcase classname="src/app/workspace/component/workspace.component.spec.ts" name="WorkspaceComponent &gt; loadWorkflowWithId &gt; when URL fragment does not match any element, surfaces an error and clears the fragment" time="0.018810874">
        </testcase>
        <testcase classname="src/app/workspace/component/workspace.component.spec.ts" name="WorkspaceComponent &gt; triggerCenter &gt; delegates to the texera graph" time="0.01490592">
        </testcase>
        <testcase classname="src/app/workspace/component/workspace.component.spec.ts" name="WorkspaceComponent &gt; registerAutoPersistWorkflow &gt; is idempotent — only subscribes to workflowChanged once across repeated calls" time="0.012779251">
        </testcase>
        <testcase classname="src/app/workspace/component/workspace.component.spec.ts" name="WorkspaceComponent &gt; registerAutoPersistWorkflow &gt; updates the URL via location.go to /user/workflow/&lt;wid&gt; (no /dashboard prefix) when the persisted wid differs" time="0.024716919">
        </testcase>
        <testcase classname="src/app/workspace/component/workspace.component.spec.ts" name="WorkspaceComponent &gt; registerAutoPersistWorkflow &gt; skips the URL update when the persisted wid matches the current metadata" time="0.014158458">
        </testcase>
        <testcase classname="src/app/workspace/component/workspace.component.spec.ts" name="WorkspaceComponent &gt; updateViewCount &gt; posts a view event with the route&apos;s wid and the current user&apos;s uid" time="0.016153662">
        </testcase>
        <testcase classname="src/app/workspace/component/workspace.component.spec.ts" name="WorkspaceComponent &gt; updateViewCount &gt; falls back to uid=0 when no user is signed in" time="0.01530252">
        </testcase>
        <testcase classname="src/app/workspace/component/workspace.component.spec.ts" name="WorkspaceComponent &gt; onWIDChange &gt; syncs writeAccess from metadata.readonly each time the metadata changes" time="0.015433305">
        </testcase>
        <testcase classname="src/app/workspace/component/workspace.component.spec.ts" name="WorkspaceComponent &gt; onWIDChange &gt; ignores metadata emissions that have no wid yet" time="0.013968527">
        </testcase>
        <testcase classname="src/app/workspace/component/workspace.component.spec.ts" name="WorkspaceComponent &gt; ngOnDestroy &gt; persists the workflow on destroy when the user is signed in and persist is enabled" time="0.015288468">
        </testcase>
        <testcase classname="src/app/workspace/component/workspace.component.spec.ts" name="WorkspaceComponent &gt; ngOnDestroy &gt; skips the persist call when the user is not signed in" time="0.014024421">
        </testcase>
        <testcase classname="src/app/workspace/component/workspace.component.spec.ts" name="WorkspaceComponent &gt; ngOnDestroy &gt; tears down every piece of websocket-derived state when leaving the workspace (issue #3120)" time="0.014217159">
        </testcase>
        <testcase classname="src/app/workspace/component/workspace.component.spec.ts" name="WorkspaceComponent &gt; ngOnDestroy &gt; clears the workflow session state when the computing unit is switched in-canvas (issue #3120)" time="0.012135841">
        </testcase>
        <testcase classname="src/app/workspace/component/workspace.component.spec.ts" name="WorkspaceComponent &gt; copilotEnabled &gt; passes through to GuiConfigService.env.copilotEnabled" time="0.012018085">
        </testcase>
        <testcase classname="src/app/workspace/component/workspace.component.spec.ts" name="WorkspaceComponent &gt; child rendering side effects &gt; publishes the resolved ViewContainerRef to CodeEditorService.vc on view init" time="0.012284479">
        </testcase>
    </testsuite>
    <testsuite name="src/app/workspace/component/menu/menu.component.spec.ts" timestamp="2026-08-28T05:11:39.779Z" hostname="ali-Inspiron-15-3520" tests="55" failures="0" errors="0" skipped="0" time="3.410226099">
        <testcase classname="src/app/workspace/component/menu/menu.component.spec.ts" name="MenuComponent &gt; should create" time="0.375287427">
        </testcase>
        <testcase classname="src/app/workspace/component/menu/menu.component.spec.ts" name="MenuComponent &gt; getRunButtonBehavior &gt; returns &apos;Invalid Workflow&apos; when the workflow is invalid" time="0.177364218">
        </testcase>
        <testcase classname="src/app/workspace/component/menu/menu.component.spec.ts" name="MenuComponent &gt; getRunButtonBehavior &gt; returns &apos;Empty Workflow&apos; when the workflow has no operators" time="0.137124567">
        </testcase>
        <testcase classname="src/app/workspace/component/menu/menu.component.spec.ts" name="MenuComponent &gt; getRunButtonBehavior &gt; returns &apos;Connect&apos; when no computing unit is attached" time="0.124913066">
        </testcase>
        <testcase classname="src/app/workspace/component/menu/menu.component.spec.ts" name="MenuComponent &gt; getRunButtonBehavior &gt; returns &apos;Run&apos; when connected and execution is uninitialized" time="0.135792386">
        </testcase>
        <testcase classname="src/app/workspace/component/menu/menu.component.spec.ts" name="MenuComponent &gt; getRunButtonBehavior &gt; returns &apos;Pause&apos; while a workflow is running" time="0.115928799">
        </testcase>
        <testcase classname="src/app/workspace/component/menu/menu.component.spec.ts" name="MenuComponent &gt; getRunButtonBehavior &gt; returns &apos;Resume&apos; when execution is paused" time="0.080575389">
        </testcase>
        <testcase classname="src/app/workspace/component/menu/menu.component.spec.ts" name="MenuComponent &gt; getRunButtonBehavior &gt; returns &apos;Connecting&apos; when a unit exists but the websocket is not connected" time="0.06459079">
        </testcase>
        <testcase classname="src/app/workspace/component/menu/menu.component.spec.ts" name="MenuComponent &gt; applyRunButtonBehavior copies the behavior onto the bound fields" time="0.086507586">
        </testcase>
        <testcase classname="src/app/workspace/component/menu/menu.component.spec.ts" name="MenuComponent &gt; re-applies run button behavior when the validation stream reports an empty workflow" time="0.056272955">
        </testcase>
        <testcase classname="src/app/workspace/component/menu/menu.component.spec.ts" name="MenuComponent &gt; hasOperators &gt; returns false on an empty graph" time="0.059351073">
        </testcase>
        <testcase classname="src/app/workspace/component/menu/menu.component.spec.ts" name="MenuComponent &gt; hasOperators &gt; returns true once an operator is added" time="0.088764299">
        </testcase>
        <testcase classname="src/app/workspace/component/menu/menu.component.spec.ts" name="MenuComponent &gt; onClickAddCommentBox delegates to the workflow action service" time="0.049286604">
        </testcase>
        <testcase classname="src/app/workspace/component/menu/menu.component.spec.ts" name="MenuComponent &gt; onClickDeleteAllOperators removes every operator from the graph" time="0.062848862">
        </testcase>
        <testcase classname="src/app/workspace/component/menu/menu.component.spec.ts" name="MenuComponent &gt; onClickAutoLayout is a no-op when there are no operators" time="0.041740131">
        </testcase>
        <testcase classname="src/app/workspace/component/menu/menu.component.spec.ts" name="MenuComponent &gt; onClickAutoLayout invokes auto layout when operators are present" time="0.05696962">
        </testcase>
        <testcase classname="src/app/workspace/component/menu/menu.component.spec.ts" name="MenuComponent &gt; handleKill delegates to executeWorkflowService.killWorkflow" time="0.032088736">
        </testcase>
        <testcase classname="src/app/workspace/component/menu/menu.component.spec.ts" name="MenuComponent &gt; handleCheckpoint delegates to executeWorkflowService.takeGlobalCheckpoint" time="0.034415292">
        </testcase>
        <testcase classname="src/app/workspace/component/menu/menu.component.spec.ts" name="MenuComponent &gt; onClickClosePanels and onClickResetPanels delegate to PanelService" time="0.032377222">
        </testcase>
        <testcase classname="src/app/workspace/component/menu/menu.component.spec.ts" name="MenuComponent &gt; runWorkflow &gt; does nothing when the workflow is invalid" time="0.042257684">
        </testcase>
        <testcase classname="src/app/workspace/component/menu/menu.component.spec.ts" name="MenuComponent &gt; runWorkflow &gt; does nothing when the workflow is empty" time="0.034131044">
        </testcase>
        <testcase classname="src/app/workspace/component/menu/menu.component.spec.ts" name="MenuComponent &gt; runWorkflow &gt; opens the add-computing-unit modal when no unit is connected" time="0.037893776">
        </testcase>
        <testcase classname="src/app/workspace/component/menu/menu.component.spec.ts" name="MenuComponent &gt; runWorkflow &gt; submits the execution when connected" time="0.04678558">
        </testcase>
        <testcase classname="src/app/workspace/component/menu/menu.component.spec.ts" name="MenuComponent &gt; onWorkflowNameChange forwards the new name to the workflow action service" time="0.04351495">
        </testcase>
        <testcase classname="src/app/workspace/component/menu/menu.component.spec.ts" name="MenuComponent &gt; onClickExportWorkflow (save) &gt; serializes the workflow content as JSON and downloads it under the workflow name" time="0.032148845">
        </testcase>
        <testcase classname="src/app/workspace/component/menu/menu.component.spec.ts" name="MenuComponent &gt; version history &gt; onClickGetAllVersions delegates to workflowVersionService.displayWorkflowVersions" time="0.042671362">
        </testcase>
        <testcase classname="src/app/workspace/component/menu/menu.component.spec.ts" name="MenuComponent &gt; version history &gt; closeParticularVersionDisplay delegates to workflowVersionService" time="0.033444618">
        </testcase>
        <testcase classname="src/app/workspace/component/menu/menu.component.spec.ts" name="MenuComponent &gt; version history &gt; revertToVersion reverts and then persists the workflow" time="0.034830828">
        </testcase>
        <testcase classname="src/app/workspace/component/menu/menu.component.spec.ts" name="MenuComponent &gt; version history &gt; cloneVersion notifies success and closes the version panel when cloning succeeds" time="0.041162958">
        </testcase>
        <testcase classname="src/app/workspace/component/menu/menu.component.spec.ts" name="MenuComponent &gt; version history &gt; cloneVersion shows an error notification and does not close the panel when cloning fails" time="0.034248613">
        </testcase>
        <testcase classname="src/app/workspace/component/menu/menu.component.spec.ts" name="MenuComponent &gt; onClickOpenShareAccess (share) &gt; looks up workflow owners and opens the share-access modal" time="0.033881882">
        </testcase>
        <testcase classname="src/app/workspace/component/menu/menu.component.spec.ts" name="MenuComponent &gt; onClickOpenShareAccess (share) &gt; navigates to /user/workflow (no /dashboard prefix) when the modal reports the owner revoked their own access" time="0.039922486">
        </testcase>
        <testcase classname="src/app/workspace/component/menu/menu.component.spec.ts" name="MenuComponent &gt; onClickOpenShareAccess (share) &gt; does not navigate when the share-access modal closes without revoking own access" time="0.031160435">
        </testcase>
        <testcase classname="src/app/workspace/component/menu/menu.component.spec.ts" name="MenuComponent &gt; onClickCreateNewWorkflow resets the graph and navigates back to root" time="0.030439774">
        </testcase>
        <testcase classname="src/app/workspace/component/menu/menu.component.spec.ts" name="MenuComponent &gt; onClickRestoreZoomOffsetDefault delegates to the joint graph wrapper" time="0.039324546">
        </testcase>
        <testcase classname="src/app/workspace/component/menu/menu.component.spec.ts" name="MenuComponent &gt; onClickEditDescription opens the markdown description modal seeded with the current description" time="0.031297999">
        </testcase>
        <testcase classname="src/app/workspace/component/menu/menu.component.spec.ts" name="MenuComponent &gt; onClickExportExecutionResult opens the result-exportation modal with the current workflow name" time="0.031795128">
        </testcase>
        <testcase classname="src/app/workspace/component/menu/menu.component.spec.ts" name="MenuComponent &gt; canvas display toggles &gt; toggleRegion &gt; publishes the displayed flag to the joint graph wrapper when enabled" time="0.052060745">
        </testcase>
        <testcase classname="src/app/workspace/component/menu/menu.component.spec.ts" name="MenuComponent &gt; canvas display toggles &gt; toggleRegion &gt; publishes the displayed flag to the joint graph wrapper when disabled" time="0.065850405">
        </testcase>
        <testcase classname="src/app/workspace/component/menu/menu.component.spec.ts" name="MenuComponent &gt; canvas display toggles &gt; toggleStatus &gt; removes hide-operator-status when enabled and repositions the status label" time="0.064101714">
        </testcase>
        <testcase classname="src/app/workspace/component/menu/menu.component.spec.ts" name="MenuComponent &gt; canvas display toggles &gt; toggleStatus &gt; adds hide-operator-status when disabled" time="0.033282478">
        </testcase>
        <testcase classname="src/app/workspace/component/menu/menu.component.spec.ts" name="MenuComponent &gt; canvas display toggles &gt; toggleStatus &gt; offsets the status label higher when worker counts are shown" time="0.033181532">
        </testcase>
        <testcase classname="src/app/workspace/component/menu/menu.component.spec.ts" name="MenuComponent &gt; execution duration timer &gt; sets executionDuration to the event&apos;s base duration on each event" time="0.06681197">
        </testcase>
        <testcase classname="src/app/workspace/component/menu/menu.component.spec.ts" name="MenuComponent &gt; execution duration timer &gt; advances the duration by 1s every second while running" time="0.055357223">
        </testcase>
        <testcase classname="src/app/workspace/component/menu/menu.component.spec.ts" name="MenuComponent &gt; execution duration timer &gt; does not start a timer when the execution is not running" time="0.070556206">
        </testcase>
        <testcase classname="src/app/workspace/component/menu/menu.component.spec.ts" name="MenuComponent &gt; execution duration timer &gt; restarts the 1s timer on each new running event, cancelling the previous one" time="0.059001829">
        </testcase>
        <testcase classname="src/app/workspace/component/menu/menu.component.spec.ts" name="MenuComponent &gt; execution duration timer &gt; stops the timer when a running execution transitions to not running" time="0.057854713">
        </testcase>
        <testcase classname="src/app/workspace/component/menu/menu.component.spec.ts" name="MenuComponent &gt; execution duration timer &gt; tears down the timer on destroy so the duration stops advancing" time="0.063758133">
        </testcase>
        <testcase classname="src/app/workspace/component/menu/menu.component.spec.ts" name="MenuComponent &gt; computing unit status subscription &gt; updates computingUnitStatus and re-applies the run button behavior on each status emission" time="0.051947835">
        </testcase>
        <testcase classname="src/app/workspace/component/menu/menu.component.spec.ts" name="MenuComponent &gt; computing unit status subscription &gt; stops updating computingUnitStatus once the component is destroyed" time="0.057755864">
        </testcase>
        <testcase classname="src/app/workspace/component/menu/menu.component.spec.ts" name="MenuComponent &gt; grid / worker-count toggles, report, and name sizing &gt; toggleGrid sets the joint paper grid size from the flag" time="0.029759739">
        </testcase>
        <testcase classname="src/app/workspace/component/menu/menu.component.spec.ts" name="MenuComponent &gt; grid / worker-count toggles, report, and name sizing &gt; toggleNumWorkers toggles the hide-worker-count class from the flag" time="0.032832592">
        </testcase>
        <testcase classname="src/app/workspace/component/menu/menu.component.spec.ts" name="MenuComponent &gt; grid / worker-count toggles, report, and name sizing &gt; onClickGenerateReport shows a blocking notification and builds the report html" time="0.057277001">
        </testcase>
        <testcase classname="src/app/workspace/component/menu/menu.component.spec.ts" name="MenuComponent &gt; grid / worker-count toggles, report, and name sizing &gt; adjustWorkflowNameWidth is a no-op when the name input is absent" time="0.034393353">
        </testcase>
        <testcase classname="src/app/workspace/component/menu/menu.component.spec.ts" name="MenuComponent &gt; grid / worker-count toggles, report, and name sizing &gt; adjustWorkflowNameWidth sizes the input in px to fit its text" time="0.047323524">
        </testcase>
    </testsuite>
    <testsuite name="src/app/workspace/service/ai-edit-mode/ai-edit-mode.service.spec.ts" timestamp="2026-08-28T05:11:39.784Z" hostname="ali-Inspiron-15-3520" tests="6" failures="0" errors="0" skipped="0" time="0.056095013">
        <testcase classname="src/app/workspace/service/ai-edit-mode/ai-edit-mode.service.spec.ts" name="AiEditModeService &gt; starts inactive" time="0.028361858">
        </testcase>
        <testcase classname="src/app/workspace/service/ai-edit-mode/ai-edit-mode.service.spec.ts" name="AiEditModeService &gt; toggles on and back off" time="0.006465897">
        </testcase>
        <testcase classname="src/app/workspace/service/ai-edit-mode/ai-edit-mode.service.spec.ts" name="AiEditModeService &gt; exits when active" time="0.004370142">
        </testcase>
        <testcase classname="src/app/workspace/service/ai-edit-mode/ai-edit-mode.service.spec.ts" name="AiEditModeService &gt; emits the current state to late subscribers" time="0.005546152">
        </testcase>
        <testcase classname="src/app/workspace/service/ai-edit-mode/ai-edit-mode.service.spec.ts" name="AiEditModeService &gt; emits on every change" time="0.004383929">
        </testcase>
        <testcase classname="src/app/workspace/service/ai-edit-mode/ai-edit-mode.service.spec.ts" name="AiEditModeService &gt; does not emit when exiting while already inactive" time="0.004175827">
        </testcase>
    </testsuite>
    <testsuite name="src/app/workspace/component/agent/agent-panel/agent-panel.component.spec.ts" timestamp="2026-08-28T05:11:39.785Z" hostname="ali-Inspiron-15-3520" tests="42" failures="0" errors="0" skipped="0" time="1.755795042">
        <testcase classname="src/app/workspace/component/agent/agent-panel/agent-panel.component.spec.ts" name="AgentPanelComponent &gt; initialization and agent list wiring &gt; loads the agents once on init and renders one tab per agent plus the registration tab" time="0.274158482">
        </testcase>
        <testcase classname="src/app/workspace/component/agent/agent-panel/agent-panel.component.spec.ts" name="AgentPanelComponent &gt; initialization and agent list wiring &gt; shows only the registration tab and a zero count when there are no agents" time="0.063811181">
        </testcase>
        <testcase classname="src/app/workspace/component/agent/agent-panel/agent-panel.component.spec.ts" name="AgentPanelComponent &gt; initialization and agent list wiring &gt; reloads the agent list when the service signals an agent change" time="0.071911041">
        </testcase>
        <testcase classname="src/app/workspace/component/agent/agent-panel/agent-panel.component.spec.ts" name="AgentPanelComponent &gt; initialization and agent list wiring &gt; feeds each agent-chat tab its agent and whether it is the active one" time="0.057453509">
        </testcase>
        <testcase classname="src/app/workspace/component/agent/agent-panel/agent-panel.component.spec.ts" name="AgentPanelComponent &gt; agentIdToActivate input &gt; opens the panel, activates the agent and selects its tab once agents load" time="0.062590139">
        </testcase>
        <testcase classname="src/app/workspace/component/agent/agent-panel/agent-panel.component.spec.ts" name="AgentPanelComponent &gt; agentIdToActivate input &gt; ignores an id that matches no agent and keeps the input for a later retry" time="0.048325573">
        </testcase>
        <testcase classname="src/app/workspace/component/agent/agent-panel/agent-panel.component.spec.ts" name="AgentPanelComponent &gt; agentIdToActivate input &gt; defers activation until the agent list arrives through agentChange$" time="0.051221856">
        </testcase>
        <testcase classname="src/app/workspace/component/agent/agent-panel/agent-panel.component.spec.ts" name="AgentPanelComponent &gt; agentIdToActivate input &gt; deactivates the previously active agent and keeps an already-open panel width" time="0.049794782">
        </testcase>
        <testcase classname="src/app/workspace/component/agent/agent-panel/agent-panel.component.spec.ts" name="AgentPanelComponent &gt; agentIdToActivate input &gt; does nothing when the input change clears the id" time="0.031629906">
        </testcase>
        <testcase classname="src/app/workspace/component/agent/agent-panel/agent-panel.component.spec.ts" name="AgentPanelComponent &gt; openPanel and docked state &gt; the docked button opens the panel and the minimize button docks it again" time="0.046976555">
        </testcase>
        <testcase classname="src/app/workspace/component/agent/agent-panel/agent-panel.component.spec.ts" name="AgentPanelComponent &gt; onAgentCreated &gt; activates the new agent and switches to its tab after refreshing the list" time="0.041049516">
        </testcase>
        <testcase classname="src/app/workspace/component/agent/agent-panel/agent-panel.component.spec.ts" name="AgentPanelComponent &gt; onAgentCreated &gt; deactivates the previously active agent before activating the created one" time="0.047490755">
        </testcase>
        <testcase classname="src/app/workspace/component/agent/agent-panel/agent-panel.component.spec.ts" name="AgentPanelComponent &gt; onAgentCreated &gt; leaves the tab selection alone when the created agent is missing from the refreshed list" time="0.030819701">
        </testcase>
        <testcase classname="src/app/workspace/component/agent/agent-panel/agent-panel.component.spec.ts" name="AgentPanelComponent &gt; onAgentCreated &gt; is wired to the registration tab&apos;s agentCreated output" time="0.028990962">
        </testcase>
        <testcase classname="src/app/workspace/component/agent/agent-panel/agent-panel.component.spec.ts" name="AgentPanelComponent &gt; onTabSelectChange &gt; selecting the registration tab deactivates the current agent" time="0.027097871">
        </testcase>
        <testcase classname="src/app/workspace/component/agent/agent-panel/agent-panel.component.spec.ts" name="AgentPanelComponent &gt; onTabSelectChange &gt; ignores a tab index beyond the agent list" time="0.03623901">
        </testcase>
        <testcase classname="src/app/workspace/component/agent/agent-panel/agent-panel.component.spec.ts" name="AgentPanelComponent &gt; onTabSelectChange &gt; activates the agent behind the selected tab" time="0.02937498">
        </testcase>
        <testcase classname="src/app/workspace/component/agent/agent-panel/agent-panel.component.spec.ts" name="AgentPanelComponent &gt; onTabSelectChange &gt; blocks switching to an agent bound to a different workflow and warns" time="0.033916992">
        </testcase>
        <testcase classname="src/app/workspace/component/agent/agent-panel/agent-panel.component.spec.ts" name="AgentPanelComponent &gt; onTabSelectChange &gt; allows switching when the agent&apos;s workflow matches the current one" time="0.027924667">
        </testcase>
        <testcase classname="src/app/workspace/component/agent/agent-panel/agent-panel.component.spec.ts" name="AgentPanelComponent &gt; onTabSelectChange &gt; treats workflowId 0 as unbound and allows the switch" time="0.025394747">
        </testcase>
        <testcase classname="src/app/workspace/component/agent/agent-panel/agent-panel.component.spec.ts" name="AgentPanelComponent &gt; onTabSelectChange &gt; re-selecting the already-active agent tab is a no-op" time="0.027707656">
        </testcase>
        <testcase classname="src/app/workspace/component/agent/agent-panel/agent-panel.component.spec.ts" name="AgentPanelComponent &gt; onTabSelectChange &gt; re-activates without deactivating when the same agent moved to a different tab" time="0.035169902">
        </testcase>
        <testcase classname="src/app/workspace/component/agent/agent-panel/agent-panel.component.spec.ts" name="AgentPanelComponent &gt; canSwitchToAgent &gt; permits agents with no delegate, no workflow id, or a matching workflow id" time="0.021082812">
        </testcase>
        <testcase classname="src/app/workspace/component/agent/agent-panel/agent-panel.component.spec.ts" name="AgentPanelComponent &gt; canSwitchToAgent &gt; renders a lock icon and mismatch style only on agents from another workflow" time="0.035675449">
        </testcase>
        <testcase classname="src/app/workspace/component/agent/agent-panel/agent-panel.component.spec.ts" name="AgentPanelComponent &gt; deleteAgent &gt; stops the event and does nothing when the deletion is not confirmed" time="0.025912122">
        </testcase>
        <testcase classname="src/app/workspace/component/agent/agent-panel/agent-panel.component.spec.ts" name="AgentPanelComponent &gt; deleteAgent &gt; deactivates and deletes the active agent, returning to the registration tab" time="0.028707685">
        </testcase>
        <testcase classname="src/app/workspace/component/agent/agent-panel/agent-panel.component.spec.ts" name="AgentPanelComponent &gt; deleteAgent &gt; shifts the selected index down when deleting a tab before the current one" time="0.027203001">
        </testcase>
        <testcase classname="src/app/workspace/component/agent/agent-panel/agent-panel.component.spec.ts" name="AgentPanelComponent &gt; deleteAgent &gt; keeps the selected index when deleting a tab after the current one" time="0.03437858">
        </testcase>
        <testcase classname="src/app/workspace/component/agent/agent-panel/agent-panel.component.spec.ts" name="AgentPanelComponent &gt; deleteAgent &gt; logs and leaves the tabs untouched when the backend delete fails" time="0.029440826">
        </testcase>
        <testcase classname="src/app/workspace/component/agent/agent-panel/agent-panel.component.spec.ts" name="AgentPanelComponent &gt; deleteAgent &gt; the close button in a tab title asks for confirmation and deletes through the service" time="0.025451901">
        </testcase>
        <testcase classname="src/app/workspace/component/agent/agent-panel/agent-panel.component.spec.ts" name="AgentPanelComponent &gt; panel geometry &gt; onResize coalesces updates through requestAnimationFrame" time="0.02044452">
        </testcase>
        <testcase classname="src/app/workspace/component/agent/agent-panel/agent-panel.component.spec.ts" name="AgentPanelComponent &gt; panel geometry &gt; handleDragStart undocks the panel" time="0.020007498">
        </testcase>
        <testcase classname="src/app/workspace/component/agent/agent-panel/agent-panel.component.spec.ts" name="AgentPanelComponent &gt; panel settings persistence &gt; restores a saved width only when the panel was left undocked" time="0.019951652">
        </testcase>
        <testcase classname="src/app/workspace/component/agent/agent-panel/agent-panel.component.spec.ts" name="AgentPanelComponent &gt; panel settings persistence &gt; stays docked when the panel was saved docked, regardless of the saved width" time="0.031239806">
        </testcase>
        <testcase classname="src/app/workspace/component/agent/agent-panel/agent-panel.component.spec.ts" name="AgentPanelComponent &gt; panel settings persistence &gt; rejects a saved width below the minimum" time="0.031608808">
        </testcase>
        <testcase classname="src/app/workspace/component/agent/agent-panel/agent-panel.component.spec.ts" name="AgentPanelComponent &gt; panel settings persistence &gt; rejects a non-numeric saved width" time="0.032247923">
        </testcase>
        <testcase classname="src/app/workspace/component/agent/agent-panel/agent-panel.component.spec.ts" name="AgentPanelComponent &gt; panel settings persistence &gt; restores a saved height at or above the minimum" time="0.033088336">
        </testcase>
        <testcase classname="src/app/workspace/component/agent/agent-panel/agent-panel.component.spec.ts" name="AgentPanelComponent &gt; panel settings persistence &gt; keeps the default height when the saved height is below the minimum" time="0.036886437">
        </testcase>
        <testcase classname="src/app/workspace/component/agent/agent-panel/agent-panel.component.spec.ts" name="AgentPanelComponent &gt; panel settings persistence &gt; re-applies the saved container style and derives the return position from its transform" time="0.036864233">
        </testcase>
        <testcase classname="src/app/workspace/component/agent/agent-panel/agent-panel.component.spec.ts" name="AgentPanelComponent &gt; panel settings persistence &gt; counts as docked when the saved transform nets out to the origin" time="0.038724134">
        </testcase>
        <testcase classname="src/app/workspace/component/agent/agent-panel/agent-panel.component.spec.ts" name="AgentPanelComponent &gt; panel settings persistence &gt; persists dimensions, docked flag and container style, and deactivates the agent on destroy" time="0.038909003">
        </testcase>
        <testcase classname="src/app/workspace/component/agent/agent-panel/agent-panel.component.spec.ts" name="AgentPanelComponent &gt; panel settings persistence &gt; saves docked=true for a closed panel and skips the style when no container exists" time="0.035193353">
        </testcase>
    </testsuite>
</testsuites>
